// Jest Snapshot v1, https://goo.gl/fbAQLP

exports[`Popover component renders correctly 1`] = `
<Styled(Popover)
  isVisible={true}
  mode="rn-modal"
  onRequestClose={[MockFunction]}
  placement="auto"
>
  <View />
</Styled(Popover)>
`;
