// Jest Snapshot v1, https://goo.gl/fbAQLP

exports[`FlashRoot component renders correct item 1`] = `
<Flash
  doAnimation={
    [MockFunction] {
      "calls": Array [
        Array [],
        Array [],
      ],
      "results": Array [
        Object {
          "type": "return",
          "value": undefined,
        },
        Object {
          "type": "return",
          "value": undefined,
        },
      ],
    }
  }
  flashProps={Object {}}
  id="0"
  message="test_message"
  title="test_title"
  type="info"
/>
`;

exports[`FlashRoot component renders correctly by default 1`] = `
<Styled(FlatList)
  data={
    Array [
      Object {
        "flashProps": Object {},
        "id": "1",
      },
      Object {
        "flashProps": Object {},
        "id": "2",
      },
    ]
  }
  keyExtractor={[Function]}
  renderItem={[Function]}
  showsVerticalScrollIndicator={false}
  topInset={0}
/>
`;
