// Jest Snapshot v1, https://goo.gl/fbAQLP

exports[`Alert useContainer hook matches snapshot 1`] = `
Object {
  "getStyleProps": [Function],
  "theme": Object {
    "colors": null,
    "fonts": null,
    "sizes": null,
    "type": "Mocked theme",
  },
}
`;
