// Jest Snapshot v1, https://goo.gl/fbAQLP

exports[`ModalFooter component renders correctly 1`] = `
<Styled(View)>
  <View />
</Styled(View)>
`;
