// Jest Snapshot v1, https://goo.gl/fbAQLP

exports[`InitialScreen component renders correctly 1`] = `""`;
