// Jest Snapshot v1, https://goo.gl/fbAQLP

exports[`InitialScreen container renders correctly 1`] = `""`;
