// Jest Snapshot v1, https://goo.gl/fbAQLP

exports[`ModalIconArea container renders correctly default 1`] = `
<Styled(View)>
  <Styled(View)
    color="[mocked grey100]"
    name="close"
    size={84}
  />
  <Styled(Text)>
    <FormattedMessage
      id="text_id"
    />
  </Styled(Text)>
</Styled(View)>
`;
