// Jest Snapshot v1, https://goo.gl/fbAQLP

exports[`useInputState custom hook matches snapshot 1`] = `
Object {
  "handleShouldConfirm": [Function],
  "isShouldConfirm": false,
  "onModalHide": [Function],
  "setShouldConfirm": [Function],
}
`;
