// Jest Snapshot v1, https://goo.gl/fbAQLP

exports[`useTheme common hook matches snapshot 1`] = `
Object {
  "colors": null,
  "fonts": null,
  "sizes": null,
  "type": "Mocked theme",
}
`;
