// Jest Snapshot v1, https://goo.gl/fbAQLP

exports[`doAnimationHook matches snapshot 1`] = `
Object {
  "didMount": [Function],
  "onActionClick": [Function],
  "onHideFlash": [Function],
}
`;
