// Jest Snapshot v1, https://goo.gl/fbAQLP

exports[`useInputState custom hook matches snapshot 1`] = `
Object {
  "detectLabel": [Function],
  "handlePickerToggle": [Function],
  "handleValueChange": [Function],
  "isOpen": false,
  "setIsOpen": [Function],
}
`;
