// Jest Snapshot v1, https://goo.gl/fbAQLP

exports[`App module renders correctly 1`] = `
<AppModuleComponent
  theme={
    Object {
      "colors": Object {
        "black": "#000000",
        "white": "#ffffff",
      },
      "fonts": Object {},
      "sizes": Object {},
    }
  }
/>
`;
