// Jest Snapshot v1, https://goo.gl/fbAQLP

exports[`useContainer matches snapshot 1`] = `
Object {
  "handleAppStateChange": [Function],
}
`;
