// Jest Snapshot v1, https://goo.gl/fbAQLP

exports[`PaginationProgressBar styled components S.Wrap matches snapshot default 1`] = `
<View
  accessible={true}
  focusable={false}
  onClick={[Function]}
  onResponderGrant={[Function]}
  onResponderMove={[Function]}
  onResponderRelease={[Function]}
  onResponderTerminate={[Function]}
  onResponderTerminationRequest={[Function]}
  onStartShouldSetResponder={[Function]}
  style={
    Object {
      "alignItems": "center",
      "height": 40,
      "justifyContent": "center",
      "opacity": 1,
      "width": "100%",
    }
  }
/>
`;
