// Jest Snapshot v1, https://goo.gl/fbAQLP

exports[`useAppModuleHook matches snapshot 1`] = `
Object {
  "didMount": [Function],
  "handleAppStateChange": [Function],
}
`;
