// Jest Snapshot v1, https://goo.gl/fbAQLP

exports[`buildHttpClient() returns new instance of axios 1`] = `
Object {
  "baseURL": "/api/v1/workspaces",
  "headers": Object {
    "common": Object {},
  },
  "paramsSerializer": [Function],
}
`;
