// Jest Snapshot v1, https://goo.gl/fbAQLP

exports[`App component renders correctly 1`] = `
<Provider
  store={
    Object {
      "@@observable": [Function],
      "dispatch": [Function],
      "getState": [Function],
      "httpClient": [Function],
      "logicMiddleware": [Function],
      "replaceReducer": [Function],
      "subscribe": [Function],
    }
  }
>
  <PersistGate
    loading={null}
    persistor={
      Object {
        "@@observable": [Function],
        "dispatch": [Function],
        "flush": [Function],
        "getState": [Function],
        "pause": [Function],
        "persist": [Function],
        "purge": [Function],
        "replaceReducer": [Function],
        "subscribe": [Function],
      }
    }
  >
    <Connect(IntlProvider)>
      <Connect(AppModule) />
    </Connect(IntlProvider)>
  </PersistGate>
</Provider>
`;
